Query: work kanban task t_0f7de008
Initializing agent...
────────────────────────────────────────

  ┊ ⚡ kanban_sh   0.0s
  ┊ 📚 skill     joy-phone-design-system  0.1s
  ┊ 📚 skill     frontend-ui-maintenance  0.1s
  ┊ 📚 skill     rails-api-development  0.1s
  ┊ 📖 read      /root/projects/freelance/joy_phone/web_semicomerce/AGENTS.md  1.1s
  ┊ 📖 read      /root/projects/freelance/joy_phone/web_semicomerce/docs/ui_form_design_system.md  1.1s
  ┊ 🔎 find      *sidebar*  0.9s
  ┊ 💻 $         git status --short --branch  0.3s
  ┊ 📖 read      /root/projects/freelance/joy_phone/web_semicomerce/app/views/shared/_sidebar_nav.html.erb  0.8s
  ┊ 📖 read      /root/projects/freelance/joy_phone/web_semicomerce/app/javascript/controllers/sidebar_controller.js  0.8s
  ┊ 📖 read      /root/projects/freelance/joy_phone/web_semicomerce/app/views/layouts/sidebar_layout.html.erb  0.8s
  ┊ 🔎 grep      jp-sidebar|is-collapsed|jp-submenu|jp-nav  0.6s
  ┊ 📖 read      /root/projects/freelance/joy_phone/web_semicomerce/app/assets/stylesheets/application.css  0.8s
  ┊ 🔧 patch     /root/projects/freelance/joy_phone/web_semicomerce/app/assets/stylesheets/application.css  1.1s
  ┊ review diff
a//root/projects/freelance/joy_phone/web_semicomerce/app/assets/stylesheets/application.css → b//root/projects/freelance/joy_phone/web_semicomerce/app/assets/stylesheets/application.css
@@ -613,10 +613,21 @@
   .jp-sidebar.is-collapsed .jp-nav-section,
   .jp-sidebar.is-collapsed .sidebar-label,
   .jp-sidebar.is-collapsed .jp-chevron,
-  .jp-sidebar.is-collapsed .jp-submenu { display: none; }
+  .jp-sidebar.is-collapsed .jp-submenu .jp-nav-item > span { display: none; }
   .jp-sidebar.is-collapsed .jp-nav-item,
   .jp-sidebar.is-collapsed .jp-nav-summary { justify-content: center; padding-left: 0; padding-right: 0; width: 2.75rem; margin-left: auto; margin-right: auto; }
   .jp-sidebar.is-collapsed .jp-nav-icon { margin: 0; }
+  .jp-sidebar.is-collapsed details:not([open]) > .jp-submenu,
+  .jp-sidebar.is-collapsed .jp-submenu {
+    display: grid !important;
+    gap: 4px;
+    margin-top: 4px;
+    padding-left: 0;
+  }
+  .jp-sidebar.is-collapsed .jp-submenu .jp-nav-item {
+    min-height: 2.25rem;
+    padding: 0;
+  }
   .jp-sidebar.is-collapsed .jp-sidebar-footer { padding-left: 0.75rem; padding-right: 0.75rem; }
 }
 
  ┊ 💻 $         git diff -- app/assets/stylesheets/application.css && git status --short --branch  0.3s
  ┊ 💻 $         bin/rails runner 'puts "rails ok"'  3.9s
  ┊ 💻 $         (ss -ltnp | grep ':3000' || true) && (ss -ltnp | grep ':3001' || true)  0.3s
  ┊ 💻 $         bin/rails server -b 127.0.0.1 -p 3000  0.1s
  ┊ ⚙️  proc      wait proc_f69c739  3.0s
  ┊ ⚙️  proc      poll proc_f69c739  0.0s
  ┊ 🌐 navigate  127.0.0.1:3000  27.0s [error]
  ┊ ⚙️  proc      log proc_f69c739  0.0s
  ┊ 🔎 grep      password|User.create|admin@|email  0.4s
  ┊ 🌐 navigate  127.0.0.1:3000  1.1s
  ┊ 📖 read      /root/projects/freelance/joy_phone/web_semicomerce/config/routes.rb  0.8s
  ┊ 🌐 navigate  127.0.0.1:3000  25.6s [error]
  ┊ 📸 snapshot  compact  0.3s
  ┊ ⌨️  type      "admin@example.com"  0.3s
  ┊ ⌨️  type      "admin123"  0.2s
  ┊ 👆 click     e4  0.3s
  ┊ 📸 snapshot  compact  0.3s
  ┊ 👆 click     e3  0.3s
  ┊ ⚡ browser_c   0.2s
  ┊ 👁️  vision    analyzing page  11.9s
  ┊ ⚡ browser_c   0.3s
  ┊ 🔧 patch     /root/projects/freelance/joy_phone/web_semicomerce/app/javascript/controllers/sidebar_controller.js  1.7s
  ┊ review diff
a//root/projects/freelance/joy_phone/web_semicomerce/app/javascript/controllers/sidebar_controller.js → b//root/projects/freelance/joy_phone/web_semicomerce/app/javascript/controllers/sidebar_controller.js
@@ -9,6 +9,9 @@
   connect(){
     // Ensure mobile sidebar is closed on connect (works across Turbo visits)
     try { this.close() } catch (e) { /* ignore if targets not present */ }
+    if (this.hasSidebarTarget) {
+      this._syncCollapsedDetails(this.sidebarTarget.classList.contains("is-collapsed"))
+    }
   }
 
   toggle() {
  ┊ 🔧 patch     /root/projects/freelance/joy_phone/web_semicomerce/app/javascript/controllers/sidebar_controller.js  1.5s
  ┊ review diff
a//root/projects/freelance/joy_phone/web_semicomerce/app/javascript/controllers/sidebar_controller.js → b//root/projects/freelance/joy_phone/web_semicomerce/app/javascript/controllers/sidebar_controller.js
@@ -29,6 +29,21 @@
     if (this.hasIconTarget) {
       this.iconTarget.classList.toggle("rotate-180", collapsed)
     }
+    this._syncCollapsedDetails(collapsed)
+  }
+
+  _syncCollapsedDetails(collapsed) {
+    if (!this.hasSidebarTarget) return
+
+    this.sidebarTarget.querySelectorAll("details").forEach((details) => {
+      if (collapsed) {
+        if (!details.open) details.dataset.sidebarForcedOpen = "true"
+        details.open = true
+      } else if (details.dataset.sidebarForcedOpen === "true") {
+        details.open = false
+        delete details.dataset.sidebarForcedOpen
+      }
+    })
   }
 
   _saveState(collapsed) {
  ┊ 🌐 navigate  127.0.0.1:3000  25.5s [error]
  ┊ 📸 snapshot  compact  0.3s
  ┊ ⚡ browser_c   0.2s
  ┊ ⚡ browser_c   0.2s
  ┊ 👁️  vision    analyzing page  6.4s
  ┊ 👆 click     e3  0.3s
  ┊ ⚡ browser_c   0.2s
  ┊ 👆 click     e3  0.3s
  ┊ ⚡ browser_c   0.2s
  ┊ 💻 $         git diff -- app/assets/stylesheets/application.css app/javascript/controllers/sidebar_controller.js && git status --short --branch  0.3s
  ┊ ⚙️  proc      kill proc_f69c739  0.0s
  ┊ ⚡ kanban_co   0.0s
  ┊ ⚡ kanban_bl   0.0s
 ─  ⚕ Hermes  ───────────────────────────────────────────────────────────────── 
                                                                                
     Task t_0f7de008 sudah dikerjakan dan diblok untuk review.                  
                                                                                
     Perubahan:                                                                 
     - app/assets/stylesheets/application.css                                   
     - app/javascript/controllers/sidebar_controller.js                         
                                                                                
     Hasil:                                                                     
     - Sidebar desktop saat minimize sekarang menampilkan icon submenu.         
     - Group details otomatis dibuka saat collapsed supaya submenu bisa         
     diklik.                                                                    
     - Saat sidebar dibuka lagi, group yang sebelumnya tertutup                 
     dikembalikan tertutup.                                                     
                                                                                
     Verifikasi:                                                                
     - bin/rails runner "puts 'rails ok'" berhasil.                             
     - Browser check di /dashboard: submenu links tampil sebagai icon-only      
     saat collapsed.                                                            
                                                                                
     Status: review-required di kanban.                                         
                                                                                
 ────────────────────────────────────────────────────────────────────────────── 
