Query: work kanban task t_4f47c04f
Initializing agent...
────────────────────────────────────────

  ┊ ⚡ kanban_sh   0.0s
  ┊ 📚 skill     joy-phone-design-system  0.1s
  ┊ 📚 skill     frontend-ui-maintenance  0.1s
  ┊ 📚 skill     rails-api-development  0.1s
  ┊ 🐍 exec      from hermes_tools import terminal, search_files  1.3s [error]
  ┊ 📖 read      /root/projects/freelance/joy_phone/web_semicomerce-akunting/AGENTS.md  0.7s
  ┊ 📖 read      /root/projects/freelance/joy_phone/web_semicomerce-akunting/docs/modules/01_outlet_gudang.md  0.7s
  ┊ 🔎 grep      Store|Warehouse|Outlet|Gudang|data master|Data Master  0.2s
  ┊ 📖 read      /root/projects/freelance/joy_phone/web_semicomerce-akunting/config/routes.rb  0.7s
  ┊ 📖 read      /root/projects/freelance/joy_phone/web_semicomerce-akunting/app/views/shared/_sidebar_nav.html.erb  0.7s
  ┊ 📖 read      /root/projects/freelance/joy_phone/web_semicomerce-akunting/app/views/layouts/application.html.erb  0.9s
  ┊ 🔎 find      current.rb  0.4s
  ┊ 📖 read      /root/projects/freelance/joy_phone/web_semicomerce-akunting/app/models/current.rb  0.7s
  ┊ 📖 read      /root/projects/freelance/joy_phone/web_semicomerce-akunting/app/controllers/application_controller.rb  0.7s
  ┊ 📖 read      /root/projects/freelance/joy_phone/web_semicomerce-akunting/db/seeds/permissions.rb  0.5s [error]
  ┊ 🔎 find      *.erb  0.1s
  ┊ 🔎 find      *permission*  0.4s
  ┊ 📖 read      /root/projects/freelance/joy_phone/web_semicomerce-akunting/db/seeds.rb  0.5s
  ┊ 📖 read      /root/projects/freelance/joy_phone/web_semicomerce-akunting/app/views/brands/_form.html.erb  0.5s
  ┊ 📖 read      /root/projects/freelance/joy_phone/web_semicomerce-akunting/app/views/brands/index.html.erb  0.3s
  ┊ 💻 $         bin/rails g scaffold Store code:string name:string address:text phone:string is_active:boolean is_default:boolean --no-scaffold-stylesheet && bin/rails g model Warehouse store:references code:string name:string warehouse_type:integer is_active:boolean is_default:boolean && bin/rails g controller Warehouses new create edit update destroy --skip-routes --no-helper --no-assets && bin/rails g controller StoreSelectors update --skip-routes --no-helper --no-assets && bin/rails g controller WarehouseSelectors update --skip-routes --no-helper --no-assets  9.9s
  ┊ 📖 read      /root/projects/freelance/joy_phone/web_semicomerce-akunting/app/controllers/stores_controller.rb  0.3s
  ┊ 📖 read      /root/projects/freelance/joy_phone/web_semicomerce-akunting/app/views/shared/_form_combobox_with_label.html.erb  0.3s
  ┊ 📖 read      /root/projects/freelance/joy_phone/web_semicomerce-akunting/app/views/shared/_form_switch.html.erb  0.7s
  ┊ 📖 read      /root/projects/freelance/joy_phone/web_semicomerce-akunting/app/views/shared/_button.html.erb  0.5s
  ┊ 🔎 grep      Permission.create|Permission.find_or_create|permissions:sync|PermissionCacheService|Permission.seed|display_name  0.4s
  ┊ 🔎 find      *create_*stores*.rb  0.4s
  ┊ 🐍 exec      from hermes_tools import write_file, terminal, read_file  9.2s
  ┊ 📖 read      /root/projects/freelance/joy_phone/web_semicomerce-akunting/config/routes.rb  0.8s
  ┊ 📖 read      /root/projects/freelance/joy_phone/web_semicomerce-akunting/app/views/shared/_table_action_icons.html.erb  0.8s
  ┊ 📖 read      /root/projects/freelance/joy_phone/web_semicomerce-akunting/app/views/shared/_back_button.html.erb  0.8s
  ┊ 🐍 exec      from hermes_tools import write_file, terminal  3.6s
  ┊ 🐍 exec      from hermes_tools import write_file, terminal, patch, read_file  3.6s
  ┊ 🔧 patch     /root/projects/freelance/joy_phone/web_semicomerce-akunting/config/routes.rb  1.1s
  ┊ review diff
a//root/projects/freelance/joy_phone/web_semicomerce-akunting/config/routes.rb → b//root/projects/freelance/joy_phone/web_semicomerce-akunting/config/routes.rb
@@ -1,5 +1,10 @@
 Rails.application.routes.draw do
-  resources :stores
+  resources :stores do
+    resources :warehouses, only: %i[ new create edit update destroy ]
+  end
+  resource :store_selector, only: :update
+  resource :warehouse_selector, only: :update
+
   resources :pages
   resources :product_categories do
     get :search, on: :collection
  ┊ 🔧 patch     /root/projects/freelance/joy_phone/web_semicomerce-akunting/app/views/layouts/application.html.erb  1.1s
  ┊ review diff
a//root/projects/freelance/joy_phone/web_semicomerce-akunting/app/views/layouts/application.html.erb → b//root/projects/freelance/joy_phone/web_semicomerce-akunting/app/views/layouts/application.html.erb
@@ -54,6 +54,7 @@
           </div>
 
           <div class="flex items-center gap-2">
+            <%= render "shared/store_warehouse_selector" %>
             <%= render "shared/theme_toggle" %>
             <%= link_to settings_path, class: "jp-icon-button", title: "Settings" do %>
               <i data-lucide="settings" class="h-5 w-5"></i>
  ┊ 🔧 patch     /root/projects/freelance/joy_phone/web_semicomerce-akunting/app/views/shared/_sidebar_nav.html.erb  1.1s
  ┊ review diff
a//root/projects/freelance/joy_phone/web_semicomerce-akunting/app/views/shared/_sidebar_nav.html.erb → b//root/projects/freelance/joy_phone/web_semicomerce-akunting/app/views/shared/_sidebar_nav.html.erb
@@ -7,6 +7,7 @@
 <% can_see_admin_users = current_user.admin? || has_permission?("admin/users", "index") %>
 <% can_see_admin_permissions = current_user.admin? || has_permission?("admin/permissions", "index") %>
 <% can_see_trade_in_rules = current_user.admin? || has_permission?("trade_in_rules", "index") %>
+<% can_see_stores = current_user.admin? || has_permission?("stores", "index") %>
 
 <div class="flex h-full flex-col overflow-hidden">
   <div class="jp-sidebar-header flex items-center justify-between gap-3 px-4">
  ┊ 🔧 patch     /root/projects/freelance/joy_phone/web_semicomerce-akunting/app/views/shared/_sidebar_nav.html.erb  0.2s [error]
  ┊ 🔧 patch     /root/projects/freelance/joy_phone/web_semicomerce-akunting/app/views/shared/_sidebar_nav.html.erb  1.1s
  ┊ review diff
a//root/projects/freelance/joy_phone/web_semicomerce-akunting/app/views/shared/_sidebar_nav.html.erb → b//root/projects/freelance/joy_phone/web_semicomerce-akunting/app/views/shared/_sidebar_nav.html.erb
@@ -79,6 +79,12 @@
           <% end %>
         </div>
       </details>
+      <% if can_see_stores %>
+        <%= link_to stores_path, class: "jp-nav-item #{'is-active' if controller_name == 'stores'}" do %>
+          <i data-lucide="warehouse" class="jp-nav-icon"></i>
+          <span class="sidebar-label" data-sidebar-target="label">Outlet &amp; Gudang</span>
+        <% end %>
+      <% end %>
     <% end %>
 
     <% if current_user.admin? || has_permission?("services", "index") || has_permission?("pages", "index") || can_see_trade_in_rules %>
  ┊ 🔧 patch     /root/projects/freelance/joy_phone/web_semicomerce-akunting/app/views/shared/_sidebar_nav.html.erb  1.1s
  ┊ review diff
a//root/projects/freelance/joy_phone/web_semicomerce-akunting/app/views/shared/_sidebar_nav.html.erb → b//root/projects/freelance/joy_phone/web_semicomerce-akunting/app/views/shared/_sidebar_nav.html.erb
@@ -40,8 +40,8 @@
       <span class="sidebar-label" data-sidebar-target="label">Dashboard</span>
     <% end %>
 
-    <% if can_see_products || can_see_product_categories || can_see_service_categories || can_see_variant_capacities || can_see_variant_colors %>
-      <% is_data_master_active = %w[products product_categories service_categories variant_capacities variant_colors].include?(controller_name) %>
+    <% if can_see_products || can_see_product_categories || can_see_service_categories || can_see_variant_capacities || can_see_variant_colors || can_see_stores %>
+      <% is_data_master_active = %w[products product_categories service_categories variant_capacities variant_colors stores].include?(controller_name) %>
       <div class="jp-nav-section">Operasional</div>
       <details class="group" <%= 'open' if is_data_master_active %>>
         <summary class="jp-nav-summary">
  ┊ 🔎 find      *.yml  0.4s
  ┊ 📖 read      /root/projects/freelance/joy_phone/web_semicomerce-akunting/config/locales/en.yml  0.9s
  ┊ 🔧 patch     /root/projects/freelance/joy_phone/web_semicomerce-akunting/config/locales/en.yml  1.3s
  ┊ review diff
a//root/projects/freelance/joy_phone/web_semicomerce-akunting/config/locales/en.yml → b//root/projects/freelance/joy_phone/web_semicomerce-akunting/config/locales/en.yml
@@ -29,3 +29,9 @@
 
 en:
   hello: "Hello world"
+  warehouses:
+    types:
+      general: "Umum"
+      service_parts: "Sparepart Servis"
+      display: "Display"
+      transit: "Transit"
  ┊ 🔧 patch     /root/projects/freelance/joy_phone/web_semicomerce-akunting/db/seeds.rb  1.1s
  ┊ review diff
a//root/projects/freelance/joy_phone/web_semicomerce-akunting/db/seeds.rb → b//root/projects/freelance/joy_phone/web_semicomerce-akunting/db/seeds.rb
@@ -228,6 +228,26 @@
   )
 end
 
+
+# settings start
+# stores and warehouses start
+if defined?(Store) && defined?(Warehouse)
+  default_store = Store.find_or_create_by!(code: "JP-PUSAT") do |store|
+    store.name = "Joy Phone Pusat"
+    store.is_active = true
+    store.is_default = true
+  end
+
+  default_store.update!(name: "Joy Phone Pusat", is_active: true, is_default: true) unless default_store.is_default?
+
+  Warehouse.find_or_create_by!(store: default_store, code: "GD-UTAMA") do |warehouse|
+    warehouse.name = "Gudang Utama Pusat"
+    warehouse.warehouse_type = :general
+    warehouse.is_active = true
+    warehouse.is_default = true
+  end
+end
+# stores and warehouses end
 
 # settings start
 # settings whatsapp
  ┊ 📖 read      /root/projects/freelance/joy_phone/web_semicomerce-akunting/test/controllers/stores_controller_test.rb  0.8s
  ┊ 📖 read      /root/projects/freelance/joy_phone/web_semicomerce-akunting/test/test_helper.rb  0.9s
  ┊ 📖 read      /root/projects/freelance/joy_phone/web_semicomerce-akunting/test/fixtures/stores.yml  0.7s
  ┊ 📖 read      /root/projects/freelance/joy_phone/web_semicomerce-akunting/test/fixtures/warehouses.yml  0.9s
  ┊ 🐍 exec      from hermes_tools import write_file, terminal  4.6s
  ┊ 💻 $         bin/rails db:migrate && bin/rails test test/models/store_test.rb test/models/warehouse_test.rb test/controllers/stores_controller_test.rb test/controllers/warehouses_controller_test.rb  5.3s [error]
  ┊ 💻 $         RAILS_ENV=test bin/rails db:create db:schema:load && bin/rails test test/models/store_test.rb test/models/warehouse_test.rb test/controllers/stores_controller_test.rb test/controllers/warehouses_controller_test.rb  9.9s [error]
  ┊ 🔧 patch     /root/projects/freelance/joy_phone/web_semicomerce-akunting/app/controllers/stores_controller.rb  1.1s
  ┊ review diff
a//root/projects/freelance/joy_phone/web_semicomerce-akunting/app/controllers/stores_controller.rb → b//root/projects/freelance/joy_phone/web_semicomerce-akunting/app/controllers/stores_controller.rb
@@ -48,6 +48,11 @@
   end
 
   def destroy
+    if @store.is_default?
+      redirect_to stores_path, alert: "Toko default tidak bisa dinonaktifkan sebelum memilih toko default lain.", status: :see_other
+      return
+    end
+
     @store.update!(is_active: false)
 
     respond_to do |format|
  ┊ 🔧 patch     /root/projects/freelance/joy_phone/web_semicomerce-akunting/test/controllers/stores_controller_test.rb  1.1s
  ┊ review diff
a//root/projects/freelance/joy_phone/web_semicomerce-akunting/test/controllers/stores_controller_test.rb → b//root/projects/freelance/joy_phone/web_semicomerce-akunting/test/controllers/stores_controller_test.rb
@@ -40,9 +40,10 @@
   end
 
   test "destroy soft deactivates store" do
-    delete store_url(@store)
+    store = stores(:cabang)
+    delete store_url(store)
 
     assert_redirected_to stores_url
-    assert_not @store.reload.is_active?
+    assert_not store.reload.is_active?
   end
 end
  ┊ 💻 $         bin/rails test test/models/store_test.rb test/models/warehouse_test.rb test/controllers/stores_controller_test.rb test/controllers/warehouses_controller_test.rb  2.5s
  ┊ 💻 $         bin/rails permissions:sync && bin/rails db:seed  3.9s [error]
  ┊ 🔧 patch     /root/projects/freelance/joy_phone/web_semicomerce-akunting/db/seeds.rb  1.1s
  ┊ review diff
a//root/projects/freelance/joy_phone/web_semicomerce-akunting/db/seeds.rb → b//root/projects/freelance/joy_phone/web_semicomerce-akunting/db/seeds.rb
@@ -232,13 +232,27 @@
 # settings start
 # stores and warehouses start
 if defined?(Store) && defined?(Warehouse)
-  default_store = Store.find_or_create_by!(code: "JP-PUSAT") do |store|
-    store.name = "Joy Phone Pusat"
-    store.is_active = true
-    store.is_default = true
+  default_store = Store.find_by(code: "JP-PUSAT")
+
+  unless default_store
+    default_store = Store.create!(
+      code: "JP-PUSAT",
+      name: "Joy Phone Pusat",
+      is_active: true,
+      is_default: true,
+      warehouses_attributes: {
+        "0" => {
+          code: "GD-UTAMA",
+          name: "Gudang Utama Pusat",
+          warehouse_type: :general,
+          is_active: true,
+          is_default: true
+        }
+      }
+    )
   end
 
-  default_store.update!(name: "Joy Phone Pusat", is_active: true, is_default: true) unless default_store.is_default?
+  default_store.update!(name: "Joy Phone Pusat", is_active: true, is_default: true) unless default_store.is_default? && default_store.is_active?
 
   Warehouse.find_or_create_by!(store: default_store, code: "GD-UTAMA") do |warehouse|
     warehouse.name = "Gudang Utama Pusat"
  ┊ 📖 read      /root/projects/freelance/joy_phone/web_semicomerce-akunting/db/seeds.rb  0.9s
  ┊ 🔧 patch     /root/projects/freelance/joy_phone/web_semicomerce-akunting/db/seeds.rb  1.1s
  ┊ review diff
a//root/projects/freelance/joy_phone/web_semicomerce-akunting/db/seeds.rb → b//root/projects/freelance/joy_phone/web_semicomerce-akunting/db/seeds.rb
@@ -229,7 +229,6 @@
 end
 
 
-# settings start
 # stores and warehouses start
 if defined?(Store) && defined?(Warehouse)
   default_store = Store.find_by(code: "JP-PUSAT")
  ┊ 💻 $         bin/rails db:seed && bin/rails runner 'puts [Store.count, Warehouse.count, Store.default&.code, Warehouse.default_for(Store.default)&.code].inspect'  1.9s [error]
  ┊ 💻 $         bin/rails runner 'puts [Store.count, Warehouse.count, Store.default&.code, Warehouse.default_for(Store.default)&.code].inspect'  1.5s
  ┊ 📖 read      /root/projects/freelance/joy_phone/web_semicomerce-akunting/db/seeds.rb  0.9s
  ┊ 📖 read      /root/projects/freelance/joy_phone/web_semicomerce-akunting/app/models/service_category.rb  0.8s
  ┊ 📖 read      /root/projects/freelance/joy_phone/web_semicomerce-akunting/app/models/service_price.rb  0.8s
  ┊ 🔧 patch     /root/projects/freelance/joy_phone/web_semicomerce-akunting/db/seeds.rb  1.1s
  ┊ review diff
a//root/projects/freelance/joy_phone/web_semicomerce-akunting/db/seeds.rb → b//root/projects/freelance/joy_phone/web_semicomerce-akunting/db/seeds.rb
@@ -416,7 +416,7 @@
 # Ambil kategori dalam urutan yang benar untuk mapping index
 # Normalisasi nama agar cocok dengan data existing ("Fron Camera" → "Front Camera" sudah diatasi)
 cats = repair_category_names.map do |data|
-  ServiceCategory.where("LOWER(name) = ?", data[:name].downcase).order(:id).first
+  ServiceCategory.where("LOWER(name) = ?", data[:name].downcase).order(:id).to_a.find(&:leaf?)
 end
 
 # --- Services (baris) = model perangkat ---
  ┊ 💻 $         bin/rails db:seed && bin/rails runner 'puts [Store.count, Warehouse.count, Store.default&.code, Warehouse.default_for(Store.default)&.code].inspect'  8.9s
  ┊ 💻 $         bin/rails test test/models/store_test.rb test/models/warehouse_test.rb test/controllers/stores_controller_test.rb test/controllers/warehouses_controller_test.rb && bin/rails routes | grep -E 'stores|warehouses|store_selector|warehouse_selector'  3.3s
  ┊ 💻 $         git status --short && git diff --stat && git diff -- app/controllers/application_controller.rb app/models/store.rb app/views/shared/_sidebar_nav.html.erb | sed -n '1,220p'  0.3s
  ┊ 📖 read      /root/projects/freelance/joy_phone/web_semicomerce-akunting/test/controllers/store_selectors_controller_test.rb  0.9s
  ┊ 📖 read      /root/projects/freelance/joy_phone/web_semicomerce-akunting/test/controllers/warehouse_selectors_controller_test.rb  0.7s
  ┊ 📖 read      /root/projects/freelance/joy_phone/web_semicomerce-akunting/test/system/stores_test.rb  0.7s
  ┊ 💻 $         rm -f test/system/stores_test.rb app/views/warehouses/create.html.erb app/views/warehouses/update.html.erb app/views/warehouses/destroy.html.erb app/views/store_selectors/update.html.erb app/views/warehouse_selectors/update.html.erb && rmdir app/views/store_selectors app/views/warehouse_selectors 2>/dev/null || true  0.3s
  ┊ ✍️  write     /root/projects/freelance/joy_phone/web_semicomerce-akunting/test/controllers/store_selectors_controller_test.rb  0.6s
  ┊ review diff
a//root/projects/freelance/joy_phone/web_semicomerce-akunting/test/controllers/store_selectors_controller_test.rb → b//root/projects/freelance/joy_phone/web_semicomerce-akunting/test/controllers/store_selectors_controller_test.rb
@@ -1,7 +1,22 @@
 require "test_helper"
 
 class StoreSelectorsControllerTest < ActionDispatch::IntegrationTest
-  # test "the truth" do
-  #   assert true
-  # end
+  setup do
+    sign_in_as_admin
+  end
+
+  test "updates selected store and resets warehouse" do
+    patch store_selector_url, params: { store_id: stores(:cabang).id }
+
+    assert_redirected_to stores_url
+    assert_equal stores(:cabang).id, session[:store_id]
+    assert_nil session[:warehouse_id]
+  end
+
+  test "admin can select consolidated view" do
+    patch store_selector_url, params: { store_id: "all" }
+
+    assert_redirected_to stores_url
+    assert_equal "all", session[:store_id]
+  end
 end
  ┊ ✍️  write     /root/projects/freelance/joy_phone/web_semicomerce-akunting/test/controllers/warehouse_selectors_controller_test.rb  0.6s
  ┊ review diff
a//root/projects/freelance/joy_phone/web_semicomerce-akunting/test/controllers/warehouse_selectors_controller_test.rb → b//root/projects/freelance/joy_phone/web_semicomerce-akunting/test/controllers/warehouse_selectors_controller_test.rb
@@ -1,7 +1,15 @@
 require "test_helper"
 
 class WarehouseSelectorsControllerTest < ActionDispatch::IntegrationTest
-  # test "the truth" do
-  #   assert true
-  # end
+  setup do
+    sign_in_as_admin
+  end
+
+  test "updates selected warehouse for current store" do
+    patch store_selector_url, params: { store_id: stores(:pusat).id }
+    patch warehouse_selector_url, params: { warehouse_id: warehouses(:pusat_utama).id }
+
+    assert_redirected_to stores_url
+    assert_equal warehouses(:pusat_utama).id, session[:warehouse_id]
+  end
 end
  ┊ 💻 $         bin/rails test test/models/store_test.rb test/models/warehouse_test.rb test/controllers/stores_controller_test.rb test/controllers/warehouses_controller_test.rb test/controllers/store_selectors_controller_test.rb test/controllers/warehouse_selectors_controller_test.rb  2.5s
  ┊ 💻 $         bin/rails test  12.3s [error]
  ┊ 🔧 patch     /root/projects/freelance/joy_phone/web_semicomerce-akunting/test/controllers/stores_controller_test.rb  0.2s [error]
  ┊ 🔧 patch     /root/projects/freelance/joy_phone/web_semicomerce-akunting/test/controllers/stores_controller_test.rb  1.1s
  ┊ review diff
a//root/projects/freelance/joy_phone/web_semicomerce-akunting/test/controllers/stores_controller_test.rb → b//root/projects/freelance/joy_phone/web_semicomerce-akunting/test/controllers/stores_controller_test.rb
@@ -8,6 +8,21 @@
 
   test "should get index" do
     get stores_url
+    assert_response :success
+  end
+
+  test "should get new" do
+    get new_store_url
+    assert_response :success
+  end
+
+  test "should show store" do
+    get store_url(@store)
+    assert_response :success
+  end
+
+  test "should get edit" do
+    get edit_store_url(@store)
     assert_response :success
   end
 
  ┊ 💻 $         bin/rails test test/controllers/stores_controller_test.rb test/controllers/warehouses_controller_test.rb test/controllers/store_selectors_controller_test.rb test/controllers/warehouse_selectors_controller_test.rb  2.5s
  ┊ 💻 $         bin/rails test test/models/store_test.rb test/models/warehouse_test.rb test/controllers/stores_controller_test.rb test/controllers/warehouses_controller_test.rb test/controllers/store_selectors_controller_test.rb test/controllers/warehouse_selectors_controller_test.rb  2.5s
  ┊ 💻 $         git status --short && git diff --stat  0.3s
  ┊ 💻 $         (git diff --name-only; git ls-files --others --exclude-standard) | sort  0.3s
  ┊ ⚡ kanban_co   0.0s
  ┊ ⚡ kanban_bl   0.0s
 ─  ⚕ Hermes  ───────────────────────────────────────────────────────────────── 
                                                                                
     Task t_4f47c04f sudah dikerjakan dan saya block sebagai                    
     review-required.                                                           
                                                                                
     Ringkas:                                                                   
     - Implementasi modul Outlet & Gudang di                                    
     /root/projects/freelance/joy_phone/web_semicomerce-akunting                
     - Menu “Outlet & Gudang” ditaruh setelah Data Master                       
     - Tambah Store + Warehouse, selector topbar, session                       
     Current.store/warehouse, seed default, permission sync                     
     - Targeted tests pass: 19 tests, 43 assertions                             
     - Full bin/rails test masih ada 4 failure lama/unrelated di                
     ServicesControllerTest dan ServiceCategoriesControllerTest                 
                                                                                
     Status kanban: blocked review-required, menunggu review sebelum            
     commit/merge.                                                              
                                                                                
 ────────────────────────────────────────────────────────────────────────────── 
